// Jest Snapshot v1, https://goo.gl/fbAQLP

exports[`property_test Component Property should render the proper Property page 1`] = `null`;
