// Jest Snapshot v1, https://goo.gl/fbAQLP

exports[`reviewsList_test Component ReviewsList should render the proper reviews 1`] = `
<section
  className="property__reviews reviews"
>
  <h2
    className="reviews__title"
  >
    Reviews Â· 
    <span
      className="reviews__amount"
    >
      2
    </span>
  </h2>
  <ul
    className="reviews__list"
  >
    <li
      className="reviews__item"
    >
      <div
        className="reviews__user user"
      >
        <div
          className="reviews__avatar-wrapper user__avatar-wrapper"
        >
          <img
            alt="Reviews avatar"
            className="reviews__avatar user__avatar"
            height={54}
            src="../img/avatar-max.jpg"
            width={54}
          />
        </div>
        <span
          className="reviews__user-name"
        >
          Paul
        </span>
      </div>
      <div
        className="reviews__info"
      >
        <div
          className="reviews__rating rating"
        >
          <div
            className="reviews__stars rating__stars"
          >
            <span
              style={
                Object {
                  "width": "100%",
                }
              }
            />
            <span
              className="visually-hidden"
            >
              Rating
            </span>
          </div>
        </div>
        <p
          className="reviews__text"
        >
          is the best five star hotel and Ukraine, I spent 10 days during quarantine.
      The front desk staff was absolutely magnificent. Oleksandra and Veronika Gave me first class accommodations, upgraded me to a magnificent room free of charge, always very polite and constantly made sure that my stay was absolutely magnificent.
        </p>
        <time
          className="reviews__time"
          dateTime="2019-04-24"
        >
          October 11 2019
        </time>
      </div>
    </li>
    <li
      className="reviews__item"
    >
      <div
        className="reviews__user user"
      >
        <div
          className="reviews__avatar-wrapper user__avatar-wrapper"
        >
          <img
            alt="Reviews avatar"
            className="reviews__avatar user__avatar"
            height={54}
            src="../img/avatar-angelina.jpg"
            width={54}
          />
        </div>
        <span
          className="reviews__user-name"
        >
          Angela
        </span>
      </div>
      <div
        className="reviews__info"
      >
        <div
          className="reviews__rating rating"
        >
          <div
            className="reviews__stars rating__stars"
          >
            <span
              style={
                Object {
                  "width": "80%",
                }
              }
            />
            <span
              className="visually-hidden"
            >
              Rating
            </span>
          </div>
        </div>
        <p
          className="reviews__text"
        >
          Half a year later and still Hilton hotel did not refund the money thats was overcharged. Most likely people like Volcan Amac steal money from customers this way.
      Lovely hotel but reception was rude, lazy and impolite. Check your credit card payment, I was overcharged eur 80 on a eur 400 per night room and despite promises and  credit invoice it was never returned.
        </p>
        <time
          className="reviews__time"
          dateTime="2019-04-24"
        >
          September 5 2019
        </time>
      </div>
    </li>
  </ul>
  <form
    action="#"
    className="reviews__form form"
    method="post"
  >
    <label
      className="reviews__label form__label"
      htmlFor="review"
    >
      Your review
    </label>
    <div
      className="reviews__rating-form form__rating"
    >
      <input
        className="form__rating-input visually-hidden"
        defaultValue={5}
        id="5-stars"
        name="rating"
        type="radio"
      />
      <label
        className="reviews__rating-label form__rating-label"
        htmlFor="5-stars"
        title="perfect"
      >
        <svg
          className="form__star-image"
          height={33}
          width={37}
        >
          <use
            xlinkHref="#icon-star"
          />
        </svg>
      </label>
      <input
        className="form__rating-input visually-hidden"
        defaultValue={4}
        id="4-stars"
        name="rating"
        type="radio"
      />
      <label
        className="reviews__rating-label form__rating-label"
        htmlFor="4-stars"
        title="good"
      >
        <svg
          className="form__star-image"
          height={33}
          width={37}
        >
          <use
            xlinkHref="#icon-star"
          />
        </svg>
      </label>
      <input
        className="form__rating-input visually-hidden"
        defaultValue={3}
        id="3-stars"
        name="rating"
        type="radio"
      />
      <label
        className="reviews__rating-label form__rating-label"
        htmlFor="3-stars"
        title="not bad"
      >
        <svg
          className="form__star-image"
          height={33}
          width={37}
        >
          <use
            xlinkHref="#icon-star"
          />
        </svg>
      </label>
      <input
        className="form__rating-input visually-hidden"
        defaultValue={2}
        id="2-stars"
        name="rating"
        type="radio"
      />
      <label
        className="reviews__rating-label form__rating-label"
        htmlFor="2-stars"
        title="badly"
      >
        <svg
          className="form__star-image"
          height={33}
          width={37}
        >
          <use
            xlinkHref="#icon-star"
          />
        </svg>
      </label>
      <input
        className="form__rating-input visually-hidden"
        defaultValue={1}
        id="1-star"
        name="rating"
        type="radio"
      />
      <label
        className="reviews__rating-label form__rating-label"
        htmlFor="1-star"
        title="terribly"
      >
        <svg
          className="form__star-image"
          height={33}
          width={37}
        >
          <use
            xlinkHref="#icon-star"
          />
        </svg>
      </label>
    </div>
    <textarea
      className="reviews__textarea form__textarea"
      defaultValue=""
      id="review"
      name="review"
      placeholder="Tell how was your stay, what you like and what can be improved"
    />
    <div
      className="reviews__button-wrapper"
    >
      <p
        className="reviews__help"
      >
        To submit review please make sure to set 
        <span
          className="reviews__star"
        >
          rating
        </span>
         and describe your stay with at least 
        <b
          className="reviews__text-amount"
        >
          50 characters
        </b>
        .
      </p>
      <button
        className="reviews__submit form__submit button"
        disabled={true}
        type="submit"
      >
        Submit
      </button>
    </div>
  </form>
</section>
`;
