// Jest Snapshot v1, https://goo.gl/fbAQLP

exports[`CityListTabs_test Component CityListTabs should render the proper Cities Tabs in Header 1`] = `
<div
  className="tabs"
>
  <section
    className="locations container"
  >
    <ul
      className="locations__list tabs__list"
    >
      <li
        className="locations__item"
      >
        <a
          className="locations__item-link
                  tabs__item
                  "
          href="#"
          onClick={[Function]}
        >
          <span>
            Paris
          </span>
        </a>
      </li>
      <li
        className="locations__item"
      >
        <a
          className="locations__item-link
                  tabs__item
                  "
          href="#"
          onClick={[Function]}
        >
          <span>
            Cologne
          </span>
        </a>
      </li>
      <li
        className="locations__item"
      >
        <a
          className="locations__item-link
                  tabs__item
                  "
          href="#"
          onClick={[Function]}
        >
          <span>
            Brussels
          </span>
        </a>
      </li>
      <li
        className="locations__item"
      >
        <a
          className="locations__item-link
                  tabs__item
                  tabs__item--active"
          href="#"
          onClick={[Function]}
        >
          <span>
            Amsterdam
          </span>
        </a>
      </li>
      <li
        className="locations__item"
      >
        <a
          className="locations__item-link
                  tabs__item
                  "
          href="#"
          onClick={[Function]}
        >
          <span>
            Hamburg
          </span>
        </a>
      </li>
      <li
        className="locations__item"
      >
        <a
          className="locations__item-link
                  tabs__item
                  "
          href="#"
          onClick={[Function]}
        >
          <span>
            Dusseldorf
          </span>
        </a>
      </li>
    </ul>
  </section>
</div>
`;
